exports[`test Orphan component matches snapshot 1`] = `
<div>
  Orphan is changed
</div>
`;
